// Jest Snapshot v1, https://goo.gl/fbAQLP

exports[`render request reset password form component should not have input component after success 1`] = `ShallowWrapper {}`;

exports[`render request reset password form component should render request reset password component 1`] = `ShallowWrapper {}`;
